[2026-07-27T19:30:13Z INFO  voxel] ============ voxel sandbox startup ============
[2026-07-27T19:30:13Z INFO  voxel]   binary:    voxel-app 0.1.0
[2026-07-27T19:30:13Z INFO  voxel]   git:       bbd2d1d (dirty)
[2026-07-27T19:30:13Z INFO  voxel]   rustc:     rustc 1.96.0 (ac68faa20 2026-05-25)
[2026-07-27T19:30:13Z INFO  voxel]   target:    x86_64-pc-windows-msvc
[2026-07-27T19:30:13Z INFO  voxel]   build unx: 1785179491
[2026-07-27T19:30:13Z INFO  voxel]   pid:       15656
[2026-07-27T19:30:13Z INFO  voxel] ===============================================
[2026-07-27T19:30:13Z INFO  voxel_engine::settings] Loaded config from config.toml
[2026-07-27T19:30:13Z INFO  voxel] starting voxel engine (seed=1337)
[2026-07-27T19:30:13Z WARN  voxel_world::world] failed to load blocks from assets: failed to read assets\blocks.json. Using builtins.
[2026-07-27T19:30:13Z INFO  voxel_engine] spawn search: land column at (2, 65, 2) -> spawn pos [2.5, 67.0, 2.5]
[2026-07-27T19:30:13Z WARN  voxel_audio::registry] Audio directory not found: assets/audio
[2026-07-27T19:30:13Z INFO  voxel_asset_pipeline::cache] asset cache hit (40 tiles)
[2026-07-27T19:30:13Z INFO  voxel_render::atlas] atlas loaded from cache (9 mip levels)
[2026-07-27T19:30:14Z INFO  voxel_render::renderer] MSAA TYPE_4 enabled
[2026-07-27T19:30:14Z WARN  voxel_render::renderer::device] [validation] vkCreateGraphicsPipelines(): pCreateInfos[0].pVertexInputState Vertex attribute at location 3 not consumed by vertex shader.
[2026-07-27T19:30:14Z WARN  voxel_render::renderer::device] [validation] vkCreateGraphicsPipelines(): pCreateInfos[0].pVertexInputState Vertex attribute at location 4 not consumed by vertex shader.
[2026-07-27T19:30:14Z INFO  voxel_render::renderer] occlusion culling: 16384 queries per frame
[2026-07-27T19:30:14Z INFO  voxel_engine] file-watcher: active (config = config.toml)
[2026-07-27T19:30:14Z WARN  voxel_audio::registry] Audio directory not found: assets/audio
[2026-07-27T19:30:14Z INFO  voxel_audio::manager] Audio system initialized (0 sounds)
[2026-07-27T19:30:14Z INFO  voxel_engine] Audio system initialized
[2026-07-27T19:30:14Z INFO  voxel_engine::frame] spawn ready: player at (2.5, 65.9, 2.5), surface_y=64
