[2026-09-27T01:54:44Z INFO  voxel] [rotation] rotated prior run -> logs/previous.log
[2026-09-27T01:54:44Z INFO  voxel] ============ voxel sandbox startup ============
[2026-09-27T01:54:44Z INFO  voxel]   binary:    voxel-app 0.1.0
[2026-09-27T01:54:44Z INFO  voxel]   git:       4b01b01 (dirty)
[2026-09-27T01:54:44Z INFO  voxel]   rustc:     rustc 1.96.0 (ac68faa20 2026-05-25)
[2026-09-27T01:54:44Z INFO  voxel]   target:    x86_64-pc-windows-msvc
[2026-09-27T01:54:44Z INFO  voxel]   build unx: 1790474053
[2026-09-27T01:54:44Z INFO  voxel]   pid:       12628
[2026-09-27T01:54:44Z INFO  voxel] ===============================================
[2026-09-27T01:54:44Z INFO  voxel_engine::settings] Loaded config from config.toml
[2026-09-27T01:54:44Z INFO  voxel] starting voxel engine (seed=1337)
[2026-09-27T01:54:44Z INFO  voxel_engine] spawn search: land column at (2, 65, 2) -> spawn pos [2.5, 67.0, 2.5]
[2026-09-27T01:54:44Z WARN  voxel_audio::registry] Audio directory not found: assets/audio
[2026-09-27T01:54:44Z INFO  voxel_asset_pipeline::cache] asset cache hit (40 tiles)
[2026-09-27T01:54:44Z INFO  voxel_render::atlas] atlas loaded from cache (9 mip levels)
[2026-09-27T01:54:44Z INFO  voxel_render::renderer] MSAA TYPE_4 enabled
[2026-09-27T01:54:44Z INFO  voxel_render::renderer] occlusion culling: 16384 queries per frame
[2026-09-27T01:54:44Z INFO  voxel_engine] file-watcher: active (config = config.toml)
[2026-09-27T01:54:44Z WARN  voxel_audio::registry] Audio directory not found: assets/audio
[2026-09-27T01:54:44Z INFO  voxel_audio::manager] Audio system initialized (0 sounds)
[2026-09-27T01:54:44Z INFO  voxel_engine] Audio system initialized
[2026-09-27T01:54:44Z INFO  voxel_engine::frame] spawn ready: player at (2.5, 65.9, 2.5), surface_y=64
[2026-09-27T01:54:49Z INFO  voxel_world::save] Loaded 406 chunks from saves\New_World
[2026-09-27T01:54:49Z INFO  voxel_engine::ui] loaded world from saves\New_World (seed=1337, 406 chunks)
[2026-09-27T01:54:49Z INFO  voxel_engine::frame] spawn ready: player at (8.3, 68.9, -2.8), surface_y=67
[2026-09-27T01:55:32Z INFO  voxel_engine::ui] exit game requested
[2026-09-27T01:55:33Z INFO  voxel_render::hot_reload] file-watcher: shut down
